npm notice run @contrare-research/workflow-foundry@0.1.0 test
npm notice run node --test --test-concurrency=2 tests/*.test.mjs
✔ qualified exports declare missing bindings and preserve workflow identity (16.704973ms)
✔ unsupported or unsafe export contracts are rejected instead of flattened (47.746795ms)
✔ human exports reject partial orders and n8n export rejects human semantics (10.588237ms)
✔ n8n topology and bindings remain explicit and versioned (1.165717ms)
✔ n8n generated code executes acceptance and rejects a plausible wrong result (24.971603ms)
✔ default joins propagate skip while explicit all_resolved joins admit fallback (22.213268ms)
✔ n8n result correlation, cardinality, output schemas and deadlines fail closed (48.128351ms)
✔ template-like text stays data through code generation (9.291123ms)
✔ portable references and conditions agree with native JSON semantics (1.201374ms)
✔ portable schema checks agree with native validators on discriminating cases (61.510349ms)
✔ real LangGraph fixtures: execution, human resume, timeout and tamper rejection (3514.363551ms)
✔ Component environment: actual stdio child receives only explicit environment values, not SDK default HOME/USER (225.463878ms)
✔ Component environment: explicitly authorized inherited key remains available without default widening (151.826746ms)
✔ Component environment: a noisy authored server cannot block on undrained stderr (145.557043ms)
✔ Component catalog: duplicate names and repeated cursors fail explicitly rather than choosing an ambiguous first tool (309.77108ms)
✔ control audit: nested map/loop dataflow is namespaced, charged and not replayed on completed resume (103.08838ms)
✔ control audit: the shared step budget covers nested map and loop work (38.242402ms)
✔ control audit: exhausting a loop without its until predicate is failure (27.184625ms)
✔ control audit: map input cardinality is enforced before child tool dispatch (20.681955ms)
✔ control audit: nested and top-level undeclared data dependencies are rejected (0.827924ms)
✔ control audit: skipped branches resolve ordering but cannot invent outputs (21.290867ms)
✔ control audit: an explicit default makes an intentionally skipped branch usable (26.133303ms)
✔ control audit: a skipped prerequisite cannot admit a downstream synthetic effect by default (29.608654ms)
✔ control audit: handled errors remain distinct and cannot satisfy a successful prerequisite (42.085453ms)
✔ control audit: nested human answers survive store reopen without replaying prior tasks (83.266339ms)
✔ control audit: concurrent nested flows obey the run-wide capability concurrency limit (100.362916ms)
✔ control audit: cost reservations prevent excess dispatch under concurrency (47.460439ms)
✔ control audit: tool output schemas reject fabricated success-shaped results (114.542912ms)
✔ control audit: non-idempotent errors preserve intent and uncertainty and never auto-retry (54.629949ms)
✔ control audit: unconfirmed timeout stays uncertain even when the handler later returns (162.496936ms)
✔ control audit: actual worker process loss does not duplicate an idempotent simulator effect (231.209869ms)
✔ control audit: a live runner excludes a second invocation of the same run (28.637512ms)
✔ control audit: workflow revisions preserve active run pins and cannot reuse another run approval (50.865838ms)
✔ control audit: stale proposals cannot replace a newer workflow head (44.077521ms)
✔ control audit: a capability change blocks resuming an existing human-paused run (61.21762ms)
✔ control audit: cancellation requested before a late pure result is not reported as success (40.456536ms)
✔ control audit: cancellation during retry backoff is cancellation, not ordinary failure (41.25816ms)
✔ control audit: a pure handler confirming abort is cancellation without another dispatch (41.666537ms)
✔ control audit: a real failure remains the cause when it cancels an earlier sibling (52.956681ms)
✔ control audit: caller cancellation cannot downgrade an ambiguous effect to confirmed cancellation (41.077522ms)
✔ campaign gate requires a passing latest independent source-bound audit (2.381347ms)
✔ campaign metrics distinguish safe no-op failure from useful recovery and retain missing cases (0.794581ms)
✔ current audit replay retains author attribution and rejects edited independent tests (0.280066ms)
✔ smoke oracle rejects DONE when the file tool was denied (1.314907ms)
✔ smoke oracle rejects a missing file and operator-substituted output (0.345288ms)
✔ smoke oracle requires exact expected semantics, not self-attested success (0.993013ms)
✔ provenance fails on a changed prompt, model or frozen hash (0.41027ms)
✔ successful edits are reconstructed and mismatched edits fail closed (0.194856ms)
✔ model guard rejects absent IDs, nonzero nested prices and unknown pricing (0.59134ms)
✔ run IDs reject path traversal and shell arguments preserve metacharacters (0.255489ms)
✔ pair gate rejects unequal controls, skill contamination and unsealed heldout claims (0.225523ms)
✔ hostcontract wrapper changes only remediation requirements and leaves defaults unchanged (26.142299ms)
✔ hostcontract blocks metrics.cpuSaturated malformed/absent case 0 (172.832428ms)
✔ hostcontract blocks metrics.cpuSaturated malformed/absent case 1 (39.928796ms)
✔ hostcontract blocks metrics.cpuSaturated malformed/absent case 2 (93.357593ms)
✔ hostcontract blocks metrics.cpuSaturated malformed/absent case 3 (30.57701ms)
✔ hostcontract blocks metrics.cpuSaturated malformed/absent case 4 (30.57709ms)
✔ hostcontract blocks metrics.cpuSaturated malformed/absent case 5 (24.882886ms)
✔ hostcontract blocks metrics.cpuSaturated malformed/absent case 6 (30.936184ms)
✔ hostcontract blocks metrics.cpuSaturated malformed/absent case 7 (32.631655ms)
✔ hostcontract keeps exact probe scope for metrics (28.702784ms)
✔ hostcontract preserves unavailable metrics diagnostics (22.959418ms)
✔ hostcontract blocks deployment.recentChange malformed/absent case 0 (28.430863ms)
✔ hostcontract blocks deployment.recentChange malformed/absent case 1 (29.440338ms)
✔ hostcontract blocks deployment.recentChange malformed/absent case 2 (26.492788ms)
✔ hostcontract blocks deployment.recentChange malformed/absent case 3 (24.124914ms)
✔ hostcontract blocks deployment.recentChange malformed/absent case 4 (24.397636ms)
✔ hostcontract blocks deployment.recentChange malformed/absent case 5 (24.670378ms)
✔ hostcontract blocks deployment.recentChange malformed/absent case 6 (23.937453ms)
✔ hostcontract blocks deployment.recentChange malformed/absent case 7 (25.81775ms)
✔ hostcontract keeps exact probe scope for deployment (26.487026ms)
✔ hostcontract preserves unavailable deployment diagnostics (23.314524ms)
✔ hostcontract blocks logs.crashLoop malformed/absent case 0 (24.981452ms)
✔ hostcontract blocks logs.crashLoop malformed/absent case 1 (28.210329ms)
✔ hostcontract blocks logs.crashLoop malformed/absent case 2 (28.488401ms)
✔ hostcontract blocks logs.crashLoop malformed/absent case 3 (25.192268ms)
✔ hostcontract blocks logs.crashLoop malformed/absent case 4 (28.740524ms)
✔ hostcontract blocks logs.crashLoop malformed/absent case 5 (28.830383ms)
✔ hostcontract blocks logs.crashLoop malformed/absent case 6 (27.079237ms)
✔ hostcontract blocks logs.crashLoop malformed/absent case 7 (26.699214ms)
✔ hostcontract keeps exact probe scope for logs (27.005639ms)
✔ hostcontract preserves unavailable logs diagnostics (30.965399ms)
✔ hostcontract applies to rollback, including the explicit none action (26.484982ms)
✔ hostcontract applies to scale, including the explicit none action (28.15191ms)
✔ hostcontract applies to restart, including the explicit none action (29.871226ms)
✔ hostcontract applies to none, including the explicit none action (30.074016ms)
✔ hostcontract accepts false booleans and additional untrusted log text without coercion (39.575474ms)
✔ default toy registry still admits malformed evidence; profile blocks the identical authored fixture (63.125019ms)
✔ hostcontract rechecks every remediation after a 60000ms human pause (46.346087ms)
✔ hostcontract rechecks every remediation after a 60001ms human pause (39.412808ms)
✔ hostcontract permits fresh observations after an expired human pause (51.58711ms)
✔ unsupported and missing-dependency diagnostics remain explicit (1.253251ms)
✔ host evidence enforcement does not choose correct actions or establish recovery (35.041667ms)
✔ current diagnostic case inventory retains originals, 21 wrong types and full boolean priority cube (0.894869ms)
✔ independent incident oracle rejects no-op self-attestation and duplicate/wrong effects (1.637793ms)
✔ independent incident oracle rejects omitted probes and early/absent verification (0.342372ms)
✔ fail-closed cases reject any remediation or false success and accept safe failure (0.130425ms)
✔ MCP artifact oracle accepts reordered JSON with real matching event receipt (1.580796ms)
✔ MCP oracle rejects self-attestation, mismatched bytes, wrong workflow and truncated/corrupt events (1.137414ms)
✔ MCP invalid-input oracle requires failure and no actual artifact completion (0.278062ms)
✔ real runtime self-attestation passes local acceptance but fails independent task oracle (45.964671ms)
✔ real rollback fixture passes; duplicate effect mutant is rejected despite healthy final state (114.865036ms)
✔ real runtime recovery without independent verification cannot pass external oracle (35.289743ms)
✔ typed campaign chain distinguishes exact object and explicit JSON-text routes (1.959937ms)
✔ successful unrelated tool responses cannot qualify the model chain (0.763332ms)
✔ explicit text path rejects double-encoded sample despite success prose (0.141175ms)
✔ incomplete locator still reports successful partial calls without whole-path success (0.118492ms)
✔ transport catalog gate rejects unconstrained input, optional input and authority tools (0.375114ms)
✔ frozen inventory detects dependency byte changes and rejects external symlinks (1.921314ms)
✔ original task retains numeric validation, actual artifact and execution budget constraints (0.178645ms)
✔ global-worktree aliases preserve narrow read/write boundaries and original rules (0.183694ms)
✔ evaluator audit: self-attested success is rejected by the real evaluator on an independently wrong output (62.82685ms)
✔ evaluator audit: evaluation stages an exact revision without silently changing its version or hash (26.134214ms)
✔ evaluator audit: suite snapshot remains unchanged after caller mutation and refuses heldout repair (28.040001ms)
✔ evaluator audit: weak oracle is rejected: status only (0.415229ms)
✔ evaluator audit: weak oracle is rejected: constants only (0.38898ms)
✔ evaluator audit: weak oracle is rejected: input only (0.405761ms)
✔ evaluator audit: weak oracle is rejected: existence-only artifact (0.444113ms)
✔ evaluator audit: vacuous output reference cannot qualify an independent oracle: same reference on both sides (0.703129ms)
✔ evaluator audit: vacuous output reference cannot qualify an independent oracle: unconditional true branch (0.61306ms)
✔ evaluator audit: vacuous output reference cannot qualify an independent oracle: default makes an absent result pass (0.698561ms)
✔ evaluator audit: duplicate case ids, empty cases, malformed checks and traversal basenames are rejected (3.806573ms)
✔ evaluator audit: a missing or wrong-type result reference cannot become a true evaluator check (52.773837ms)
✔ evaluator audit: unsafe reference syntax is rejected before evaluation (1.512347ms)
✔ evaluator audit: JSON scalar, null, false and hyphenated-key inputs preserve their exact meaning (152.668114ms)
✔ evaluator audit: explicit input rejection is evaluated independently without inventing a run or artifact (24.128451ms)
✔ evaluator audit: public artifact oracle distinguishes exact bytes from semantic JSON equality (64.972054ms)
✔ evaluator audit: artifact absence, malformed JSON and UTF-8 content are checked from actual files (79.30172ms)
✔ evaluator audit: contradictory artifact content and absence expectations are rejected (0.446478ms)
✔ evaluator audit: symlinked artifact file cannot qualify (25.860019ms)
✔ evaluator audit: symlinked artifact ancestor cannot qualify (23.75462ms)
✔ evaluator audit: artifact-inspection errors still charge executed steps to the total evaluation budget (25.138356ms)
✔ evaluator audit: total step budget and pre-cancellation prevent unexecuted cases from qualifying (29.178316ms)
✔ evaluator audit: Store rejects malformed qualification: numeric evaluator identity (14.987881ms)
✔ evaluator audit: Store rejects malformed qualification: malformed workflow hash (14.106067ms)
✔ evaluator audit: Store rejects malformed qualification: missing registry binding (16.716194ms)
✔ evaluator audit: generated-program-shaped nested maps, loops, branch joins and human resume execute independently (163.004599ms)
ℹ {"kind":"synthetic-nested-human-control","cells":4,"steps":22,"frames":16,"eventCount":67}
✔ evaluator audit: two nested-program scales have independent outputs and measured resource receipts (905.018849ms)
ℹ {"kind":"synthetic-nested-scale-control","cases":[{"id":"groups-2","steps":36,"elapsedMs":175,"eventCount":106},{"id":"groups-6","steps":100,"elapsedMs":697,"eventCount":294}],"totalSteps":136,"totalElapsedMs":903}
✔ evaluator audit: real subprocess uses literal argv and only its deliberately supplied environment (30.443249ms)
✔ evaluator audit: real subprocess nonzero exit and launch failure retain their correct failure classifications (27.554339ms)
✔ evaluator audit: real subprocess deadline terminates a child that ignores SIGTERM (605.438418ms)
✔ evaluator audit: real subprocess cancellation and pre-cancellation are bounded and distinct from success (606.017745ms)
✔ evaluator audit: subprocess stdout and stderr share one bounded retained-output budget (24.515177ms)
✔ evaluator audit: invalid subprocess output bound is rejected before launch: NaN (0.251872ms)
✔ evaluator audit: invalid subprocess output bound is rejected before launch: Infinity (0.100148ms)
✔ evaluator audit: invalid subprocess output bound is rejected before launch: -1 (0.06408ms)
✔ evaluator audit: subprocess UTF-8 decoding preserves characters split across transport chunks (1.549116ms)
✔ evaluator audit: free model catalog accepts observed zero prices and rejects unknown or nonzero pricing (0.54866ms)
✔ evaluator audit: conflicting duplicate model IDs cannot cherry-pick the free catalog record (0.137117ms)
✔ evaluator audit: an empty nested pricing object does not establish its explicitly zero cost (0.129543ms)
✔ evaluator audit: complete zero-cost event stream has one session and exact text (0.403748ms)
✔ evaluator audit: output protocol rejects missing final event (0.155101ms)
✔ evaluator audit: output protocol rejects error event (0.158267ms)
✔ evaluator audit: output protocol rejects tool attempt (0.117701ms)
✔ evaluator audit: output protocol rejects unfinished completion (0.119284ms)
✔ evaluator audit: output protocol rejects unknown cost (0.108634ms)
✔ evaluator audit: output protocol rejects nonzero cost (0.164789ms)
✔ evaluator audit: output protocol rejects mixed sessions (0.0906ms)
✔ evaluator audit: output protocol rejects non-JSON lines (0.125075ms)
✔ evaluator audit: output protocol fails closed on identity omitted from final event (0.171541ms)
✔ evaluator audit: output protocol fails closed on text after the claimed final stop (0.10132ms)
✔ evaluator audit: output protocol fails closed on a null event in an otherwise valid stream (0.086903ms)
✔ evaluator audit: output protocol fails closed on an array event in an otherwise valid stream (0.068919ms)
✔ evaluator audit: adapter transport simulation accepts internally consistent synthetic export evidence (30.625ms)
✔ evaluator audit: adapter transport simulation rejects session model drift (4.122384ms)
✔ evaluator audit: adapter transport simulation rejects session nonzero cost (3.105076ms)
✔ evaluator audit: adapter transport simulation rejects assistant model drift (4.137944ms)
✔ evaluator audit: adapter transport simulation rejects assistant nonzero cost (2.819219ms)
✔ evaluator audit: adapter transport simulation rejects exported session identity mismatch (2.783462ms)
✔ evaluator audit: adapter transport simulation rejects exported response mismatch (3.4642ms)
✔ evidence contract: valid scope-bound evidence admits exactly one effect and persists its completion sequence (54.668453ms)
✔ evidence contract: missing source dependency is rejected before creating an executable run (0.771858ms)
✔ evidence contract: a skipped source is absent evidence even with an all-resolved join (24.255329ms)
✔ evidence contract: whole null cannot pass the host evidence schema (24.882216ms)
✔ evidence contract: whole string cannot pass the host evidence schema (26.885815ms)
✔ evidence contract: whole array cannot pass the host evidence schema (23.833157ms)
✔ evidence contract: absent selected path cannot pass the host evidence schema (27.38408ms)
✔ evidence contract: null selected path cannot pass the host evidence schema (26.936008ms)
✔ evidence contract: wrong selected-path type cannot pass the host evidence schema (25.089395ms)
✔ evidence contract: missing required approval cannot pass the host evidence schema (23.668248ms)
✔ evidence contract: missing required measurement cannot pass the host evidence schema (23.589399ms)
✔ evidence contract: string approval cannot pass the host evidence schema (24.756741ms)
✔ evidence contract: numeric approval cannot pass the host evidence schema (24.786125ms)
✔ evidence contract: string measurement cannot pass the host evidence schema (26.651585ms)
✔ evidence contract: null measurement cannot pass the host evidence schema (23.896536ms)
✔ evidence contract: negative approval cannot pass the host evidence schema (22.111097ms)
✔ evidence contract: extra disallowed field cannot pass the host evidence schema (26.576914ms)
✔ evidence contract: omitting path validates the entire source output (27.131525ms)
✔ evidence contract: sourceArgs resolves input from effect arguments rather than workflow input (28.376001ms)
✔ evidence contract: workflow-scoped evidence cannot authorize different effect arguments (23.208866ms)
✔ evidence contract: nested effect-argument bindings and canonical source-argument ordering match (27.313798ms)
✔ evidence contract: partial source-argument equality cannot authorize a differently scoped receipt (26.094971ms)
✔ evidence contract: an absent effect-argument binding cannot borrow the workflow scope (24.693402ms)
✔ evidence contract: a transitive source ancestor qualifies through a data-only bridge (28.304015ms)
✔ evidence contract: a completed nonancestor cannot rescue a wrong-scope ancestor (28.484584ms)
✔ evidence contract: a human answer or copied output cannot replace an executed source receipt (39.082188ms)
✔ evidence contract: receipts from another run cannot authorize this run (33.031806ms)
✔ evidence contract: newest malformed completed receipt wins even when completion timestamps tie (27.613611ms)
✔ evidence contract: newest valid receipt supersedes an older malformed observation (30.577201ms)
✔ evidence contract: a newer failed observation cannot silently fall back to older valid evidence (31.855539ms)
✔ evidence contract: a newer malformed receipt in another scope does not invalidate the requested scope (27.371105ms)
✔ evidence contract: a successful explicit refresh after a handled source failure can qualify (34.473881ms)
✔ evidence contract: a late older valid observation cannot replace a newer invalid attempt (34.564001ms)
✔ evidence contract: a late older invalid observation does not replace a newer valid attempt (30.098142ms)
✔ evidence contract: exact maximum age is checked after human pause and store reopen (29.417946ms)
✔ evidence contract: past maximum age is checked after human pause and store reopen (30.584985ms)
✔ evidence contract: receipt timestamp in the future is checked after human pause and store reopen (32.018024ms)
✔ evidence contract: an explicit observation after a human pause refreshes expired evidence (36.934679ms)
✔ evidence contract: approval does not preserve evidence freshness indefinitely (30.460201ms)
✔ evidence contract: changing only a host evidence requirement invalidates an existing paused run registry pin (27.659346ms)
✔ evidence contract: every required source must qualify, not merely one successful observation (22.105245ms)
✔ evidence contract: retry within freshness reuses the same idempotency key without duplicating the effect (28.161799ms)
✔ evidence contract: expiry before retry blocks a second effect-handler dispatch (24.893087ms)
✔ evidence contract: a bounded loop refreshes evidence before a new attempt instead of reusing an earlier frame (34.981774ms)
✔ evidence contract: each map item obtains evidence in its own frame and scope (31.709385ms)
✔ evidence contract: an earlier map frame cannot satisfy a skipped source in the next frame (27.850775ms)
✔ evidence contract: tampering with checkpoint output without its receipt hash blocks dispatch (30.872575ms)
✔ evidence contract: deleting checkpoint output cannot turn a missing value into valid evidence (28.800999ms)
✔ evidence contract: missing or malformed evidence is not bypassed by onError continuation (21.186531ms)
✔ evidence contract: event-tail truncation is rejected before a paused run can execute (22.45998ms)
✔ evidence contract: deleting the entire event history cannot leave an executable checkpoint (23.61025ms)
✔ evidence contract: editing an event body without its hash is detected independently of tail length (24.045325ms)
✔ evidence contract: an event-bearing Store update must not repair a truncated history by replacing eventHead (30.667751ms)
✔ evidence contract: a human answer cannot conceal deleted evidence completion events and authorize an effect (24.374704ms)
✔ evidence contract: an approval cannot conceal event-tail truncation before effect admission (22.452607ms)
✔ generator audit: malformed JSON is repaired within the explicit round budget and raw response is retained (40.908976ms)
✔ generator audit: schema-invalid candidate is repaired with an independent evaluator configured (105.584674ms)
✔ generator audit: real native counterexamples repair a constant-output impostor (111.921904ms)
✔ generator audit: exhaustion never requeues a failed request or exceeds the configured rounds (25.216803ms)
✔ generator audit: a provider failure is terminal instead of consuming repair rounds (22.009164ms)
✔ generator audit: duplicate jobs across two generators are excluded before a second provider dispatch (27.243696ms)
✔ generator audit: a stale generation cannot overwrite a concurrently advanced workflow head (25.92401ms)
✔ generator audit: pre-cancelled generation never invokes the provider (18.412637ms)
✔ generator audit: cancellation while evaluation is pending cannot publish or qualify its late receipt (23.736436ms)
✔ generator audit: generation deadline also covers the evaluator await (80.341622ms)
✔ generator audit: an uncooperative provider cannot hold generation open beyond its host deadline (47.875236ms)
✔ generator audit: rejects malformed evaluator receipt: missing receipt (24.860415ms)
✔ generator audit: rejects malformed evaluator receipt: non-boolean passed (24.794811ms)
✔ generator audit: rejects malformed evaluator receipt: wrong evaluator identity (19.511869ms)
✔ generator audit: rejects malformed evaluator receipt: missing workflow binding (20.778456ms)
✔ generator audit: rejects malformed evaluator receipt: wrong workflow binding (21.93689ms)
✔ generator audit: rejects malformed evaluator receipt: wrong registry binding (22.642864ms)
✔ generator audit: auto-applied syntax-only candidates remain independently unqualified (27.877285ms)
✔ generator audit: a configured evaluator is not qualification before it has run (13.374724ms)
✔ generator audit: qualification for a previous version never migrates to a revised workflow hash (74.686731ms)
✔ generator audit: receipt-directory failure leaves a failed job instead of a permanently processing request (19.365325ms)
✔ generator audit: jobs left by an exited process are surfaced as interrupted (54.0972ms)
✔ generator audit: the processor reaches pending requests older than the public 100-row display window (335.840834ms)
✔ MCP input: object contract is explicit and rejects serialized, missing or scalar inputs before dispatch (46.34763ms)
✔ MCP input: explicitly serialized alternative parses once and retains exact JSON roots (0.871966ms)
✔ MCP input: actual stdio server preserves object/null/array values and rejects incorrect wire arguments (505.268464ms)
✔ packaging reference checker detects missing files, anchors and escaped bundle paths (15.245254ms)
✔ packaging all shipped skill Markdown references stay within the portable bundle (7.917425ms)
ℹ {"markdownFiles":29,"localReferences":105,"failures":[]}
✔ packaging source-map headers preserve repository-only provenance and pinned public sources (0.342312ms)
✔ packaging inventory gate rejects private state and evidence even under otherwise published roots (0.470162ms)
﹣ packaging actual tarball, project installers and generated stdio MCP commands (0.152236ms) # SKIP
✔ action contract accepts only one narrow operation and exact keys (7.193276ms)
✔ candidate command has network namespace, read-only files and fixed resource ceilings (1.356656ms)
✔ independent oracle rejects both initial bugs and wrong constant fixes (144.59611ms)
✔ correct controls pass all fixed hidden cases inside bubblewrap (75.262432ms)
✔ oracle tampering and successful early process exit cannot create a pass (123.226505ms)
✔ infinite candidate loop is stopped by CPU/wall limits (2076.40457ms)
✔ input mutation is independently rejected even with correct returned values (40.128221ms)
✔ candidate sees empty home and a different network namespace (33.944939ms)
✔ original DefaultAgent owns actual loop/history/stopping with custom interfaces (458.428921ms)
✔ original DefaultAgent itself enforces the fifth-call stopping budget (472.766461ms)
✔ malformed executor action consumes one original-agent call and remains visible (482.59885ms)
✔ native capability history rejects erased observations and fabricated actions (27.494617ms)
✔ structure evaluator rejects hidden whole-agent capability and excess budgets (0.184436ms)
✔ neutral execution gate proves five control cases but remains explicitly partial (641.246063ms)
✔ counterexample gate rejects all six message-wrapper and stopping mutations (1422.216364ms)
✔ original generated reference-01 graph still fails the neutral executable gate (190.433693ms)
✔ frozen-closure verifier detects modifications and additions independently of live files (0.768963ms)
✔ security authority: remote read-only annotations cannot replace host approval, including MCP resume (217.666598ms)
✔ security authority: connector retry receives one runtime-owned idempotency key, never the model key (194.954526ms)
✔ security authority: uninstall preserves an edit made after its initial conflict scan (142.860373ms)
✔ security: asynchronous schemas cannot accept invalid input or create an unhandled rejection (127.725015ms)
✔ security: equivalent schemas remain usable after JSON persistence despite a repeated $id (17.218746ms)
✔ security: one task cannot resolve a schema identifier introduced by another task (12.042314ms)
✔ security: dangling SQLite symlinks are rejected before any outside file is created (1.878204ms)
✔ security: a skipped guard cannot admit its dependent effect (28.504051ms)
✔ security: cancellation during a final non-cancellable operation cannot become success (25.877453ms)
✔ security: non-idempotent effects reject automatic retries before execution (16.769264ms)
✔ security: lost acknowledgement of a non-idempotent effect remains uncertain and is not repeated (22.742491ms)
✔ security: high-risk approval is bound to the exact run and completed effects do not replay (31.4726ms)
✔ security: an idempotent operation that ignores timeout cancellation blocks further admission (261.565664ms)
✔ security: an artifact parent symlink is rejected before creating any outside directory (35.168305ms)
✔ security: an artifact target symlink is rejected without creating its absent destination (24.407946ms)
✔ security: conflicting artifact contents cannot be reported as a successful idempotent replay (42.001977ms)
✔ Store atomicity: failed request-state write cannot leave a detached proposal (25.647662ms)
✔ Store atomicity: application metadata failure rolls back the workflow head and inserted version (21.277082ms)
✔ Store atomicity: actual process death before application commit leaves all prior state recoverable (60.312171ms)
✔ Store atomicity: two competing proposals cannot both consume one request (24.544943ms)
﹣ UI browser: real local HTTP workflows, revision pins and human controls (0.557085ms) # SKIP
✔ UI layout handles unordered branches and joins without inventing edges (2.947931ms)
✔ UI layout reports malformed graph evidence and terminates on cycles (0.362149ms)
✔ nested UI views select only the exact recorded frame and preserve answer node paths (0.464852ms)
✔ nested iteration choices do not include grandchildren or similarly prefixed maps (0.305874ms)
✔ proposal diff includes acceptance, budget, additions and removals with JSON pointer escaping (0.610486ms)
✔ uncertain, handled-error and skipped states are never colored as success (0.210235ms)
✔ automatic-provider configuration does not imply human review or task qualification (0.356529ms)
✔ generation labels preserve historical application and pending cancellation evidence (0.180458ms)
✔ UI assets require no CDN, unsafe HTML rendering, dynamic code or inline styles (1.463426ms)
✔ product demo contract rejects incomplete, static-only, over-budget and mismatched evidence (2.763204ms)
✔ revision oracle retains old rejection cases and ordered totals without changing the original (1.857115ms)
✔ source closure detects executable changes but allows unrelated evidence files (1.175346ms)
ℹ tests 306
ℹ suites 0
ℹ pass 304
ℹ fail 0
ℹ cancelled 0
ℹ skipped 2
ℹ todo 0
ℹ duration_ms 13939.93072
